// Vitest Snapshot v1, https://vitest.dev/guide/snapshot.html

exports[`should match snapshots 1`] = `
[
  [
    "Hello, ",
    {
      "children": [
        "The number is ",
        {
          "children": "{count}",
          "props": {
            "key": 0,
          },
          "type": "b",
        },
      ],
      "props": {
        "key": 0,
      },
      "type": "component",
    },
    {
      "children": undefined,
      "props": {
        "key": 1,
      },
      "type": "br",
    },
    "The number is ",
    {
      "children": "{count}",
      "props": {
        "key": 2,
      },
      "type": "b",
    },
    ".",
  ],
  [
    "Hello, ",
    {
      "children": "@u3u",
      "key": 0,
      "type": "Mention",
    },
  ],
  [
    "Hello, ",
    "@u3u",
  ],
]
`;
